Segment #1 Chi-Squared/N: 146072
Total Chi-Squared: 1.16858e+07

