       Segment Key #1          1.0000e+00
       Segment Key #2          1.0000e+00
